smartctl 6.5 2016-01-24 r4214 [x86_64-linux-4.4.0-31-generic] (local build)
Copyright (C) 2002-16, Bruce Allen, Christian Franke, www.smartmontools.org

/dev/sda: Unknown USB bridge [0x0781:0x5571 (0x127)]
Please specify device type with the -d option.

Use smartctl -h to get a usage summary

smartctl 6.5 2016-01-24 r4214 [x86_64-linux-4.4.0-31-generic] (local build)
Copyright (C) 2002-16, Bruce Allen, Christian Franke, www.smartmontools.org

=== START OF INFORMATION SECTION ===
Vendor:               SanDisk
Product:              Cruzer Fit
Revision:             1.27
Compliance:           SPC-4
User Capacity:        8,004,304,896 bytes [8.00 GB]
Logical block size:   512 bytes
Serial number:        4C530012621219123490
Device type:          disk
Local Time is:        Fri Dec  9 09:36:33 2016 CET
SMART support is:     Available - device has SMART capability.
SMART support is:     Enabled
Temperature Warning:  Disabled or Not Supported

=== START OF READ SMART DATA SECTION ===
SMART Health Status: OK

Error Counter logging not supported

Device does not support Self Test logging
smartctl 6.5 2016-01-24 r4214 [x86_64-linux-4.4.0-31-generic] (local build)
Copyright (C) 2002-16, Bruce Allen, Christian Franke, www.smartmontools.org

=== START OF INFORMATION SECTION ===
Vendor:               SanDisk
Product:              Cruzer Fit
Revision:             1.27
Compliance:           SPC-4
User Capacity:        8,004,304,896 bytes [8.00 GB]
Logical block size:   512 bytes
Serial number:        4C530012621219123490
Device type:          disk
Local Time is:        Fri Dec  9 09:36:33 2016 CET
SMART support is:     Available - device has SMART capability.
SMART support is:     Enabled
Temperature Warning:  Disabled or Not Supported

=== START OF READ SMART DATA SECTION ===
SMART Health Status: OK

Error Counter logging not supported

Device does not support Self Test logging
smartctl 6.5 2016-01-24 r4214 [x86_64-linux-4.4.0-31-generic] (local build)
Copyright (C) 2002-16, Bruce Allen, Christian Franke, www.smartmontools.org

=== START OF INFORMATION SECTION ===
Vendor:               SanDisk
Product:              Cruzer Fit
Revision:             1.27
Compliance:           SPC-4
User Capacity:        8,004,304,896 bytes [8.00 GB]
Logical block size:   512 bytes
Serial number:        4C530012621219123490
Device type:          disk
Local Time is:        Fri Dec  9 09:36:34 2016 CET
SMART support is:     Available - device has SMART capability.
SMART support is:     Enabled
Temperature Warning:  Disabled or Not Supported

=== START OF READ SMART DATA SECTION ===
SMART Health Status: OK

Error Counter logging not supported

Device does not support Self Test logging
smartctl 6.5 2016-01-24 r4214 [x86_64-linux-4.4.0-31-generic] (local build)
Copyright (C) 2002-16, Bruce Allen, Christian Franke, www.smartmontools.org

/dev/sda: Unknown USB bridge [0x0781:0x5571 (0x127)]
Please specify device type with the -d option.

Use smartctl -h to get a usage summary

smartctl 6.5 2016-01-24 r4214 [x86_64-linux-4.4.0-31-generic] (local build)
Copyright (C) 2002-16, Bruce Allen, Christian Franke, www.smartmontools.org

=== START OF INFORMATION SECTION ===
Vendor:               SanDisk
Product:              Cruzer Fit
Revision:             1.27
Compliance:           SPC-4
User Capacity:        8,004,304,896 bytes [8.00 GB]
Logical block size:   512 bytes
Serial number:        4C530012621219123490
Device type:          disk
Local Time is:        Fri Dec  9 09:38:58 2016 CET
SMART support is:     Available - device has SMART capability.
SMART support is:     Enabled
Temperature Warning:  Disabled or Not Supported

=== START OF READ SMART DATA SECTION ===
SMART Health Status: OK

Error Counter logging not supported

Device does not support Self Test logging
smartctl 6.5 2016-01-24 r4214 [x86_64-linux-4.4.0-31-generic] (local build)
Copyright (C) 2002-16, Bruce Allen, Christian Franke, www.smartmontools.org

=== START OF INFORMATION SECTION ===
Vendor:               SanDisk
Product:              Cruzer Fit
Revision:             1.27
Compliance:           SPC-4
User Capacity:        8,004,304,896 bytes [8.00 GB]
Logical block size:   512 bytes
Serial number:        4C530012621219123490
Device type:          disk
Local Time is:        Fri Dec  9 09:38:58 2016 CET
SMART support is:     Available - device has SMART capability.
SMART support is:     Enabled
Temperature Warning:  Disabled or Not Supported

=== START OF READ SMART DATA SECTION ===
SMART Health Status: OK

Error Counter logging not supported

Device does not support Self Test logging
smartctl 6.5 2016-01-24 r4214 [x86_64-linux-4.4.0-31-generic] (local build)
Copyright (C) 2002-16, Bruce Allen, Christian Franke, www.smartmontools.org

=== START OF INFORMATION SECTION ===
Vendor:               SanDisk
Product:              Cruzer Fit
Revision:             1.27
Compliance:           SPC-4
User Capacity:        8,004,304,896 bytes [8.00 GB]
Logical block size:   512 bytes
Serial number:        4C530012621219123490
Device type:          disk
Local Time is:        Fri Dec  9 09:38:59 2016 CET
SMART support is:     Available - device has SMART capability.
SMART support is:     Enabled
Temperature Warning:  Disabled or Not Supported

=== START OF READ SMART DATA SECTION ===
SMART Health Status: OK

Error Counter logging not supported

Device does not support Self Test logging
smartctl 6.5 2016-01-24 r4214 [x86_64-linux-4.4.0-31-generic] (local build)
Copyright (C) 2002-16, Bruce Allen, Christian Franke, www.smartmontools.org

/dev/sda: Unknown USB bridge [0x0781:0x5571 (0x127)]
Please specify device type with the -d option.

Use smartctl -h to get a usage summary

smartctl 6.5 2016-01-24 r4214 [x86_64-linux-4.4.0-31-generic] (local build)
Copyright (C) 2002-16, Bruce Allen, Christian Franke, www.smartmontools.org

=== START OF INFORMATION SECTION ===
Vendor:               SanDisk
Product:              Cruzer Fit
Revision:             1.27
Compliance:           SPC-4
User Capacity:        8,004,304,896 bytes [8.00 GB]
Logical block size:   512 bytes
Serial number:        4C530012621219123490
Device type:          disk
Local Time is:        Fri Dec  9 09:54:29 2016 CET
SMART support is:     Available - device has SMART capability.
SMART support is:     Enabled
Temperature Warning:  Disabled or Not Supported

=== START OF READ SMART DATA SECTION ===
SMART Health Status: OK

Error Counter logging not supported

Device does not support Self Test logging
smartctl 6.5 2016-01-24 r4214 [x86_64-linux-4.4.0-31-generic] (local build)
Copyright (C) 2002-16, Bruce Allen, Christian Franke, www.smartmontools.org

=== START OF INFORMATION SECTION ===
Vendor:               SanDisk
Product:              Cruzer Fit
Revision:             1.27
Compliance:           SPC-4
User Capacity:        8,004,304,896 bytes [8.00 GB]
Logical block size:   512 bytes
Serial number:        4C530012621219123490
Device type:          disk
Local Time is:        Fri Dec  9 09:54:30 2016 CET
SMART support is:     Available - device has SMART capability.
SMART support is:     Enabled
Temperature Warning:  Disabled or Not Supported

=== START OF READ SMART DATA SECTION ===
SMART Health Status: OK

Error Counter logging not supported

Device does not support Self Test logging
smartctl 6.5 2016-01-24 r4214 [x86_64-linux-4.4.0-31-generic] (local build)
Copyright (C) 2002-16, Bruce Allen, Christian Franke, www.smartmontools.org

=== START OF INFORMATION SECTION ===
Vendor:               SanDisk
Product:              Cruzer Fit
Revision:             1.27
Compliance:           SPC-4
User Capacity:        8,004,304,896 bytes [8.00 GB]
Logical block size:   512 bytes
Serial number:        4C530012621219123490
Device type:          disk
Local Time is:        Fri Dec  9 09:54:30 2016 CET
SMART support is:     Available - device has SMART capability.
SMART support is:     Enabled
Temperature Warning:  Disabled or Not Supported

=== START OF READ SMART DATA SECTION ===
SMART Health Status: OK

Error Counter logging not supported

Device does not support Self Test logging
smartctl 6.5 2016-01-24 r4214 [x86_64-linux-4.4.0-31-generic] (local build)
Copyright (C) 2002-16, Bruce Allen, Christian Franke, www.smartmontools.org

/dev/sda: Unknown USB bridge [0x0781:0x5571 (0x127)]
Please specify device type with the -d option.

Use smartctl -h to get a usage summary

smartctl 6.5 2016-01-24 r4214 [x86_64-linux-4.4.0-31-generic] (local build)
Copyright (C) 2002-16, Bruce Allen, Christian Franke, www.smartmontools.org

=== START OF INFORMATION SECTION ===
Vendor:               SanDisk
Product:              Cruzer Fit
Revision:             1.27
Compliance:           SPC-4
User Capacity:        8,004,304,896 bytes [8.00 GB]
Logical block size:   512 bytes
Serial number:        4C530012621219123490
Device type:          disk
Local Time is:        Fri Dec  9 10:02:53 2016 CET
SMART support is:     Available - device has SMART capability.
SMART support is:     Enabled
Temperature Warning:  Disabled or Not Supported

=== START OF READ SMART DATA SECTION ===
SMART Health Status: OK

Error Counter logging not supported

Device does not support Self Test logging
smartctl 6.5 2016-01-24 r4214 [x86_64-linux-4.4.0-31-generic] (local build)
Copyright (C) 2002-16, Bruce Allen, Christian Franke, www.smartmontools.org

=== START OF INFORMATION SECTION ===
Vendor:               SanDisk
Product:              Cruzer Fit
Revision:             1.27
Compliance:           SPC-4
User Capacity:        8,004,304,896 bytes [8.00 GB]
Logical block size:   512 bytes
Serial number:        4C530012621219123490
Device type:          disk
Local Time is:        Fri Dec  9 10:02:53 2016 CET
SMART support is:     Available - device has SMART capability.
SMART support is:     Enabled
Temperature Warning:  Disabled or Not Supported

=== START OF READ SMART DATA SECTION ===
SMART Health Status: OK

Error Counter logging not supported

Device does not support Self Test logging
smartctl 6.5 2016-01-24 r4214 [x86_64-linux-4.4.0-31-generic] (local build)
Copyright (C) 2002-16, Bruce Allen, Christian Franke, www.smartmontools.org

=== START OF INFORMATION SECTION ===
Vendor:               SanDisk
Product:              Cruzer Fit
Revision:             1.27
Compliance:           SPC-4
User Capacity:        8,004,304,896 bytes [8.00 GB]
Logical block size:   512 bytes
Serial number:        4C530012621219123490
Device type:          disk
Local Time is:        Fri Dec  9 10:02:53 2016 CET
SMART support is:     Available - device has SMART capability.
SMART support is:     Enabled
Temperature Warning:  Disabled or Not Supported

=== START OF READ SMART DATA SECTION ===
SMART Health Status: OK

Error Counter logging not supported

Device does not support Self Test logging
smartctl 6.5 2016-01-24 r4214 [x86_64-linux-4.4.0-31-generic] (local build)
Copyright (C) 2002-16, Bruce Allen, Christian Franke, www.smartmontools.org

/dev/sda: Unknown USB bridge [0x0781:0x5571 (0x127)]
Please specify device type with the -d option.

Use smartctl -h to get a usage summary

smartctl 6.5 2016-01-24 r4214 [x86_64-linux-4.4.0-31-generic] (local build)
Copyright (C) 2002-16, Bruce Allen, Christian Franke, www.smartmontools.org

=== START OF INFORMATION SECTION ===
Vendor:               SanDisk
Product:              Cruzer Fit
Revision:             1.27
Compliance:           SPC-4
User Capacity:        8,004,304,896 bytes [8.00 GB]
Logical block size:   512 bytes
Serial number:        4C530012621219123490
Device type:          disk
Local Time is:        Fri Dec  9 10:04:13 2016 CET
SMART support is:     Available - device has SMART capability.
SMART support is:     Enabled
Temperature Warning:  Disabled or Not Supported

=== START OF READ SMART DATA SECTION ===
SMART Health Status: OK

Error Counter logging not supported

Device does not support Self Test logging
smartctl 6.5 2016-01-24 r4214 [x86_64-linux-4.4.0-31-generic] (local build)
Copyright (C) 2002-16, Bruce Allen, Christian Franke, www.smartmontools.org

=== START OF INFORMATION SECTION ===
Vendor:               SanDisk
Product:              Cruzer Fit
Revision:             1.27
Compliance:           SPC-4
User Capacity:        8,004,304,896 bytes [8.00 GB]
Logical block size:   512 bytes
Serial number:        4C530012621219123490
Device type:          disk
Local Time is:        Fri Dec  9 10:04:13 2016 CET
SMART support is:     Available - device has SMART capability.
SMART support is:     Enabled
Temperature Warning:  Disabled or Not Supported

=== START OF READ SMART DATA SECTION ===
SMART Health Status: OK

Error Counter logging not supported

Device does not support Self Test logging
smartctl 6.5 2016-01-24 r4214 [x86_64-linux-4.4.0-31-generic] (local build)
Copyright (C) 2002-16, Bruce Allen, Christian Franke, www.smartmontools.org

=== START OF INFORMATION SECTION ===
Vendor:               SanDisk
Product:              Cruzer Fit
Revision:             1.27
Compliance:           SPC-4
User Capacity:        8,004,304,896 bytes [8.00 GB]
Logical block size:   512 bytes
Serial number:        4C530012621219123490
Device type:          disk
Local Time is:        Fri Dec  9 10:04:13 2016 CET
SMART support is:     Available - device has SMART capability.
SMART support is:     Enabled
Temperature Warning:  Disabled or Not Supported

=== START OF READ SMART DATA SECTION ===
SMART Health Status: OK

Error Counter logging not supported

Device does not support Self Test logging
